// Jest Snapshot v1, https://goo.gl/fbAQLP

exports[`render component  1`] = `
<DocumentFragment>
  <div
    class="sc-bdVaJa kZAgjJ"
  />
</DocumentFragment>
`;
